64 22.6
512 98.6
4096 938
32768 9258.6
110592 53461.4
262144 246795
